current directory: /Users/jefflui/Development/boardwalkprime/vendor/bundle/ruby/3.3.0/gems/date-3.5.1/ext/date
/Users/jefflui/.rvm/rubies/ruby-3.3.5/bin/ruby extconf.rb
checking for rb_category_warn()... yes
checking for timezone in time.h with  -Werror... yes
checking for altzone in time.h with  -Werror... no
creating Makefile

current directory: /Users/jefflui/Development/boardwalkprime/vendor/bundle/ruby/3.3.0/gems/date-3.5.1/ext/date
make DESTDIR\= sitearchdir\=./.gem.20260301-54096-qsqzy3 sitelibdir\=./.gem.20260301-54096-qsqzy3 clean

current directory: /Users/jefflui/Development/boardwalkprime/vendor/bundle/ruby/3.3.0/gems/date-3.5.1/ext/date
make DESTDIR\= sitearchdir\=./.gem.20260301-54096-qsqzy3 sitelibdir\=./.gem.20260301-54096-qsqzy3
compiling date_core.c
compiling date_parse.c
compiling date_strftime.c
compiling date_strptime.c
linking shared-object date_core.bundle

current directory: /Users/jefflui/Development/boardwalkprime/vendor/bundle/ruby/3.3.0/gems/date-3.5.1/ext/date
make DESTDIR\= sitearchdir\=./.gem.20260301-54096-qsqzy3 sitelibdir\=./.gem.20260301-54096-qsqzy3 install
/opt/homebrew/opt/coreutils/bin/ginstall -c -m 0755 date_core.bundle ./.gem.20260301-54096-qsqzy3

current directory: /Users/jefflui/Development/boardwalkprime/vendor/bundle/ruby/3.3.0/gems/date-3.5.1/ext/date
make DESTDIR\= sitearchdir\=./.gem.20260301-54096-qsqzy3 sitelibdir\=./.gem.20260301-54096-qsqzy3 clean
